{
  "someString" : "dNCYmnIIFeCJLgVwcMgRiLXxDHAPEWMQWwkWTOBAXfp",
  "someInt" : -595013526,
  "someInteger" : -595013526,
  "someUuid" : "dc88d069-948b-f07a-d598-15d5472643f8",
  "someListOfStrings" : [ "ZlpOIJlCLMpMvLmhvdWdqAsTYbzKadSyVelyRdJqvi", "OVpOamunydgmR" ],
  "nestedBean" : {
    "something" : "qXtRpApL"
  },
  "superBeans" : [ {
    "_type" : "SUB_BEAN_ONE",
    "superProperty" : "nGZAinEBxOKldHbeLJstfhLRrpEMDCAU",
    "subPropertyOne" : "MoPXOAmFJZJCANIVzALjvGIHlxtVffXGADLEalm"
  }, {
    "_type" : "SUB_BEAN_TWO",
    "superProperty" : "LVCADsXlZNkWVQAnKiThzgxXzuYJVvz",
    "subPropertyTwo" : "IRIZKTCxluitnYwInNIjVZAFSbq"
  } ],
  "inss" : "40666908831",
  "localDateTime" : "2027-03-25T20:40:29",
  "localDate" : "2027-03-25",
  "yearMonth" : "2027-6"
}