{
  "metadata" : {
    "timestamp" : 1557508588.395000000,
    "principal" : {
      "id" : "principalId",
      "type": "principalType"
    }
  },
  "myId" : "6e3e9188-a022-f2ba-4db6-b86ddae2afe4",
  "someId" : "3ed38e54-4774-119c-fb1e-b2cbbeb52443",
  "someOtherId" : "24456f66-6cfc-3b6f-2ec5-473669225b7b",
  "somePersonalData" : "ENfeiaOJjfPpJAWJuqGoUoKr",
  "someNonPersonalData" : "AxRkpMQMMAkpgUZSdb",
  "someOtherPersonalData" : "63f9f2db-2824-55c0-7f3e-11147ded72d3",
  "deepPersonalData" : {
    "publicPart" : "NVqWGKnvsGPqzbLk",
    "privatePart" : "ufRvMBdZMXdoAaoWWshgQwvEmJvJqkEMcsWkIIRbWEJjEGAAm",
    "deeperPersonalData" : {
      "publicPart" : "ogknKcGBlbV",
      "privatePart" : "APIIIUQSYqFIi",
      "deepestPersonalData" : {
        "publicPart" : "MrMFJFpGQfZQhwSjTvgpkL",
        "privatePart" : "KcBwZjmkqscHrvYzsBHJwXcNDSp",
        "anotherPrivatePart" : 1849594249
      }
    }
  }
}