{
  "myId" : "79a5672b-bb19-b874-2631-71bc2ebbf518",
  "somePersonalData" : "QAkyVcicpifpIioymRBKGqjvmv",
  "someNonPersonalData" : "MUkvxAioydq",
  "someOtherPersonalData" : "9e348d9f-80c7-d130-f4a2-fa052c5bc69f",
  "deepPersonalData" : {
    "publicPart" : "XJZcYlbMQKUzMAEWbMzDtagdArBXNfWJ",
    "privatePart" : "fxYoHMLTrTwOXHpXngHHuOlksfeeKylsTeulPmWzxVzQnPac",
    "deeperPersonalData" : {
      "publicPart" : "NnKzfPuNnSUwLohSlJdEJ",
      "privatePart" : "sfmYWKkGQGnCWKmbGcgXRwXYBTqblWkw",
      "deepestPersonalData" : {
        "publicPart" : "Vqyptnrm",
        "privatePart" : "hyiKMCQCHG",
        "anotherPrivatePart" : -1608322374
      }
    }
  }
}