{
  "_type" : "SUB_BEAN_ONE",
  "superProperty" : "xOPfDNwMZHWHOmYhYBdiVaxFiUkPCleOSCuVYsihiu",
  "subPropertyOne" : "atVfefTQWjUnnJZswLaYtpSWeaYlFXFEFCUxkhgAUgOACC"
}