{
  "_type" : "SUB_BEAN_TWO",
  "superProperty" : "fVMtiCEUtZkblOADGIktjvEfBDLVnENGeCKDtRMWlSF",
  "subPropertyTwo" : "TMRCaDgxboLbTdAEqflwrbwek"
}